<!DOCTYPE html>
<html lang="en">
<head>
  <meta charset="utf-8">
<!-- test.qdoc -->
  <title></title>
</head>
<body>
<div class="sidebar"><div class="sidebar-content" id="sidebar-content"></div></div>
<!-- $$$BarMod-description -->
<div class="descr" id="details">
</div>
<!-- @@@BarMod -->
<div class="table"><table class="annotated">
<tr class="odd topAlign"><td class="tblName" translate="no"><p><a href="qml-barmod-foo.html">Foo</a></p></td></tr>
</table></div>
</body>
</html>
