<!DOCTYPE html>
<html lang="en">
<head>
  <meta charset="utf-8">
<!-- test.qdoc -->
  <title>List of All Members for Foo | ClashingQmlTypes</title>
</head>
<body>
<li>Foo</li>
<div class="sidebar"><div class="sidebar-content" id="sidebar-content"></div></div>
<h1 class="title" translate="no">List of All Members for Foo</h1>
<p>This is the complete list of members for <a href="qml-barmod-foo.html">Foo</a>, including inherited members.</p>
</body>
</html>
