<!DOCTYPE html>
<html lang="en">
<head>
  <meta charset="utf-8">
<!-- test.qdoc -->
  <meta name="description" content="Public Domain">
  <title>Attribution-2 (duplicate) | Qt</title>
</head>
<body>
<div class="sidebar"><div class="sidebar-content" id="sidebar-content"></div></div>
<h1 class="title">Attribution-2 (duplicate)</h1>
<!-- $$$some-attribution-2.html-description -->
<div class="descr" id="details">
<p>Duplicated attribution page without \attribution.</p>
</div>
<!-- @@@some-attribution-2.html -->
</body>
</html>
