<!DOCTYPE html>
<html lang="en">
<head>
  <meta charset="utf-8">
<!-- adventures_with_non_ascii_characters.qdoc -->
  <title>Trademark Test | Qt</title>
</head>
<body>
<div class="sidebar">
<div class="toc">
<h3 id="toc">Contents</h3>
<ul>
<li class="level1"><a href="#example1-f18e807d">Example1™</a></li>
<li class="level1"><a href="#linking">Linking</a></li>
</ul>
</div>
<div class="sidebar-content" id="sidebar-content"></div></div>
<h1 class="title">Trademark Test</h1>
<!-- $$$trademarks.html-description -->
<div class="descr" id="details">
<h2 id="example1-f18e807d">Example1™</h2>
<p>Tests whether a section with a trademark can be linked to. The heading should contain a trademark symbol. This link should work: <a href="trademarks-test2.html">Test Example2™</a>.</p>
<h2 id="linking">Linking</h2>
<p>It should be possible to link to the previous section from here: <a href="trademarks.html#example1-f18e807d">Example1™</a> and <a href="trademarks.html#example1-f18e807d">this link</a>.</p>
</div>
<!-- @@@trademarks.html -->
</body>
</html>
