<!DOCTYPE html>
<html lang="en">
<head>
  <meta charset="utf-8">
<!-- adventures_with_non_ascii_characters.qdoc -->
  <title>Test Example2™ | Qt</title>
</head>
<body>
<div class="sidebar"><div class="sidebar-content" id="sidebar-content"></div></div>
<h1 class="title">Test Example2™</h1>
<!-- $$$trademarks-test2.html-description -->
<div class="descr" id="details">
<p>This should be linkable.</p>
</div>
<!-- @@@trademarks-test2.html -->
</body>
</html>
