<!DOCTYPE html>
<html lang="en">
<head>
  <meta charset="utf-8">
<!-- compilergeneratedmemberfunctions.cpp -->
  <meta name="description" content="The QDocTests namespace contains test classes for QDoc.">
  <title>QDocTests Namespace | Qt</title>
</head>
<body>
<div class="sidebar">
<div class="toc">
<h3 id="toc">Contents</h3>
<ul>
<li class="level1"><a href="#classes">Classes</a></li>
<li class="level1"><a href="#details">Detailed Description</a></li>
</ul>
</div>
<div class="sidebar-content" id="sidebar-content"></div></div>
<h1 class="title" translate="no">QDocTests Namespace</h1>
<!-- $$$QDocTests-brief -->
<p>The QDocTests namespace contains test classes for QDoc. <a href="#details">More...</a></p>
<!-- @@@QDocTests -->
<div class="table"><table class="alignedsummary requisites" translate="no">
<tr><td class="memItemLeft rightAlign topAlign"> Header:</td><td class="memItemRight bottomAlign"> <code translate="no">#include &lt;QDocTests&gt;</code></td></tr>
</table></div>
<h2 id="classes">Classes</h2>
<div class="table"><table class="alignedsummary" translate="no">
<tr><td class="memItemLeft rightAlign topAlign"> class </td><td class="memItemRight bottomAlign"><b><a href="qdoctests-compilergeneratedmemberfunctions.html" translate="no">CompilerGeneratedMemberFunctions</a></b></td></tr>
</table></div>
<!-- $$$QDocTests-description -->
<div class="descr">
<h2 id="details">Detailed Description</h2>
<p>The QDocTests namespace contains test classes for QDoc.</p>
</div>
<!-- @@@QDocTests -->
<div class="classes">
<h2>Classes</h2>
<h3> class <a href="qdoctests-compilergeneratedmemberfunctions.html">CompilerGeneratedMemberFunctions</a></h3><!-- $$$CompilerGeneratedMemberFunctions-brief -->
<p>A test class for compiler-generated member functions. <a href="qdoctests-compilergeneratedmemberfunctions.html#details">More...</a></p>
<!-- @@@CompilerGeneratedMemberFunctions -->
</div>
</body>
</html>
