<!DOCTYPE html>
<html lang="en">
<head>
  <meta charset="utf-8">
<!-- compilergeneratedmemberfunctions.cpp -->
  <meta name="description" content="A test class for compiler-generated member functions.">
  <title>QDocTests::CompilerGeneratedMemberFunctions Class | Qt</title>
</head>
<body>
<li>CompilerGeneratedMemberFunctions</li>
<div class="sidebar">
<div class="toc">
<h3 id="toc">Contents</h3>
<ul>
<li class="level1"><a href="#public-functions">Public Functions</a></li>
<li class="level1"><a href="#details">Detailed Description</a></li>
</ul>
</div>
<div class="sidebar-content" id="sidebar-content"></div></div>
<h1 class="title" translate="no">QDocTests::CompilerGeneratedMemberFunctions Class</h1>
<span class="small-subtitle" translate="no">class <a href="qdoctests-module.html" translate="no">QDocTests</a>::CompilerGeneratedMemberFunctions</span>
<!-- $$$CompilerGeneratedMemberFunctions-brief -->
<p>A test class for compiler-generated member functions. <a href="#details">More...</a></p>
<!-- @@@CompilerGeneratedMemberFunctions -->
<div class="table"><table class="alignedsummary requisites" translate="no">
<tr><td class="memItemLeft rightAlign topAlign"> Header:</td><td class="memItemRight bottomAlign"> <code translate="no">#include &lt;CompilerGeneratedMemberFunctions&gt;</code></td></tr>
</table></div>
<ul>
<li><a href="qdoctests-compilergeneratedmemberfunctions-members.html">List of all members, including inherited members</a></li>
</ul>
<h2 id="public-functions">Public Functions</h2>
<div class="table"><table class="alignedsummary" translate="no">
<tr><td class="memItemLeft rightAlign topAlign"> </td><td class="memItemRight bottomAlign"><b><a href="qdoctests-compilergeneratedmemberfunctions.html#CompilerGeneratedMemberFunctions" translate="no">CompilerGeneratedMemberFunctions</a></b>()</td></tr>
<tr><td class="memItemLeft rightAlign topAlign"> </td><td class="memItemRight bottomAlign"><b><a href="qdoctests-compilergeneratedmemberfunctions.html#CompilerGeneratedMemberFunctions-1" translate="no">CompilerGeneratedMemberFunctions</a></b>(const QDocTests::CompilerGeneratedMemberFunctions &amp;<i>other</i>)</td></tr>
<tr><td class="memItemLeft rightAlign topAlign"> </td><td class="memItemRight bottomAlign"><b><a href="qdoctests-compilergeneratedmemberfunctions.html#CompilerGeneratedMemberFunctions-2" translate="no">CompilerGeneratedMemberFunctions</a></b>(const QDocTests::CompilerGeneratedMemberFunctions &amp;&amp;<i>other</i>)</td></tr>
</table></div>
<!-- $$$CompilerGeneratedMemberFunctions-description -->
<div class="descr">
<h2 id="details">Detailed Description</h2>
<p>This class is used to test the documentation of compiler-generated member functions.</p>
</div>
<!-- @@@CompilerGeneratedMemberFunctions -->
<div class="func">
<h2>Member Function Documentation</h2>
<!-- $$$CompilerGeneratedMemberFunctions[overload1]$$$CompilerGeneratedMemberFunctions -->
<h3 class="fn" translate="no" id="CompilerGeneratedMemberFunctions"><code class="details extra" translate="no">[constexpr noexcept default]</code> CompilerGeneratedMemberFunctions::<span class="name">CompilerGeneratedMemberFunctions</span>()</h3>
<p>Constructs a CompilerGeneratedMemberFunctions object.</p>
<!-- @@@CompilerGeneratedMemberFunctions -->
<!-- $$$CompilerGeneratedMemberFunctions$$$CompilerGeneratedMemberFunctionsconstQDocTests::CompilerGeneratedMemberFunctions& -->
<h3 class="fn" translate="no" id="CompilerGeneratedMemberFunctions-1"><code class="details extra" translate="no">[constexpr noexcept default]</code> CompilerGeneratedMemberFunctions::<span class="name">CompilerGeneratedMemberFunctions</span>(const <span class="type"><a href="qdoctests-compilergeneratedmemberfunctions.html" translate="no">QDocTests::CompilerGeneratedMemberFunctions</a></span> &amp;<i>other</i>)</h3>
<p>Copy-constructs a CompilerGeneratedMemberFunctions object from <i translate="no">other</i>.</p>
<!-- @@@CompilerGeneratedMemberFunctions -->
<!-- $$$CompilerGeneratedMemberFunctions$$$CompilerGeneratedMemberFunctionsconstQDocTests::CompilerGeneratedMemberFunctions&& -->
<h3 class="fn" translate="no" id="CompilerGeneratedMemberFunctions-2"><code class="details extra" translate="no">[constexpr noexcept default]</code> CompilerGeneratedMemberFunctions::<span class="name">CompilerGeneratedMemberFunctions</span>(const <span class="type"><a href="qdoctests-compilergeneratedmemberfunctions.html" translate="no">QDocTests::CompilerGeneratedMemberFunctions</a></span> &amp;&amp;<i>other</i>)</h3>
<p>Move-constructs a CompilerGeneratedMemberFunctions object from <i translate="no">other</i>.</p>
<!-- @@@CompilerGeneratedMemberFunctions -->
</div>
</body>
</html>
