<!DOCTYPE html>
<html lang="en">
<head>
  <meta charset="utf-8">
<!-- compilergeneratedmemberfunctions.cpp -->
  <meta name="description" content="The QDocTests module contains test classes for QDoc.">
  <title></title>
</head>
<body>
<div class="sidebar">
<div class="toc">
<h3 id="toc">Contents</h3>
<ul>
<li class="level1"><a href="#namespaces">Namespaces</a></li>
<li class="level1"><a href="#classes">Classes</a></li>
<li class="level1"><a href="#details">Detailed Description</a></li>
</ul>
</div>
<div class="sidebar-content" id="sidebar-content"></div></div>
<!-- $$$QDocTests-brief -->
<p>The QDocTests module contains test classes for QDoc. <a href="#details">More...</a></p>
<!-- @@@QDocTests -->
<h2 id="namespaces">Namespaces</h2>
<div class="table"><table class="annotated">
<tr class="odd topAlign"><td class="tblName" translate="no"><p><a href="qdoctests.html">QDocTests</a></p></td><td class="tblDescr"><p>Contains test classes for QDoc</p></td></tr>
</table></div>
<h2 id="classes">Classes</h2>
<div class="table"><table class="annotated">
<tr class="odd topAlign"><td class="tblName" translate="no"><p><a href="qdoctests-compilergeneratedmemberfunctions.html">QDocTests::CompilerGeneratedMemberFunctions</a></p></td><td class="tblDescr"><p>A test class for compiler-generated member functions</p></td></tr>
</table></div>
<!-- $$$QDocTests-description -->
<div class="descr">
<h2 id="details">Detailed Description</h2>
<p>The QDocTests module contains test classes for QDoc.</p>
</div>
<!-- @@@QDocTests -->
</body>
</html>
