<!DOCTYPE html>
<html lang="en">
<head>
  <meta charset="utf-8">
<!-- compilergeneratedmemberfunctions.cpp -->
  <meta name="description" content="A test class for compiler-generated member functions.">
  <title>List of All Members for QDocTests::CompilerGeneratedMemberFunctions | Qt</title>
</head>
<body>
<li>CompilerGeneratedMemberFunctions</li>
<div class="sidebar"><div class="sidebar-content" id="sidebar-content"></div></div>
<h1 class="title" translate="no">List of All Members for QDocTests::CompilerGeneratedMemberFunctions</h1>
<p>This is the complete list of members for <a href="qdoctests-compilergeneratedmemberfunctions.html">QDocTests::CompilerGeneratedMemberFunctions</a>, including inherited members.</p>
<ul>
<li class="fn" translate="no"><span class="name"><b><a href="qdoctests-compilergeneratedmemberfunctions.html#CompilerGeneratedMemberFunctions" translate="no">CompilerGeneratedMemberFunctions</a></b></span>()</li>
<li class="fn" translate="no"><span class="name"><b><a href="qdoctests-compilergeneratedmemberfunctions.html#CompilerGeneratedMemberFunctions-1" translate="no">CompilerGeneratedMemberFunctions</a></b></span>(const QDocTests::CompilerGeneratedMemberFunctions &amp;)</li>
<li class="fn" translate="no"><span class="name"><b><a href="qdoctests-compilergeneratedmemberfunctions.html#CompilerGeneratedMemberFunctions-2" translate="no">CompilerGeneratedMemberFunctions</a></b></span>(const QDocTests::CompilerGeneratedMemberFunctions &amp;&amp;)</li>
</ul>
</body>
</html>
