<!DOCTYPE html>
<html lang="en">
<head>
  <meta charset="utf-8">
<!-- image_alt_as_title.qdoc -->
  <meta name="description" content="This page has an image that has a title attribute.">
  <title>This page starts with an image | Qt</title>
</head>
<body>
<div class="sidebar">
<div class="toc">
<h3 id="toc">Contents</h3>
<ul>
<li class="level1"><a href="#a-section-with-inline-images">A section with inline images.</a></li>
</ul>
</div>
<div class="sidebar-content" id="sidebar-content"></div></div>
<h1 class="title">This page starts with an image</h1>
<!-- $$$page-with-an-image-that-has-a-title-attribute.html-description -->
<div class="descr" id="details">
<p class="centerAlign"><img src="images/leonardo-da-vinci.png" alt="This is the alternate text for the image" title="This is the alternate text for the image" /></p><p class="figCaption">If you hover over the image, a tooltip should pop up in your browser with the text &quot;This is the alternate text for the image&quot;.</p>
<p>The image should render as expected, and the alternate text should be there, too. This text is contained in its own paragraph following the image.</p>
<p>This image has an alt text that spans multiple lines:</p>
<p class="centerAlign"><img src="images/leonardo-da-vinci.png" alt="This is the multi line alternate text for the image" title="This is the multi line alternate text for the image" /></p><p class="centerAlign"><img src="images/leonardo-da-vinci-small.png" alt="an alt text" title="an alt text" /></p><p>and more text.</p>
<h2 id="a-section-with-inline-images">A section with inline images.</h2>
<p>This section contains two \inlineimage command invocations.</p>
<p>Lorem ipsum odor amet, consectetuer adipiscing elit. Pretium pellentesque nibh fusce rhoncus pellentesque. Tortor condimentum facilisis enim mi ornare molestie maecenas. Dapibus sed potenti urna tincidunt, finibus varius litora felis nibh. Nullam est malesuada integer potenti hac sit. <img src="images/leonardo-da-vinci-small.png" alt="" title="" /> &quot;an alt text in quotes&quot; Habitasse turpis risus eget purus ut sollicitudin sapien.</p>
<p>Morbi arcu conubia ac finibus fusce maximus tristique, tristiquetorquent. Conubia justo venenatis pharetra tortor quisque accumsan senectus. Nec lacinia velit vestibulum platea vel magnis dignissim penatibus. Cras ad parturient metus laoreet primis faucibus vel nulla hac. <img src="images/leonardo-da-vinci-small.png" alt="an alt text in curly brackets because it spans multiple lines" title="an alt text in curly brackets because it spans multiple lines" /> . Facilisi nisl porttitor, eleifend ultrices id quam tristique. Magnis curae gravida sem penatibus non enim elit penatibus. Semper etiam efficitur mi ipsum euismod euismod risus. Ex maximus hendrerit laoreet mus natoque augue. Cubilia elementum ridiculus tincidunt convallis tempor cras nulla eu per.</p>
</div>
<!-- @@@page-with-an-image-that-has-a-title-attribute.html -->
</body>
</html>
