<!DOCTYPE html>
<html lang="en">
<head>
  <meta charset="utf-8">
<!-- Item.qdoc -->
  <title>Item QML Type | Qt 6.2.11</title>
</head>
<body>
<li><a href="qdoc-test-qmlmodule.html" translate="no">Types</a></li>
<li>Item</li>
<div class="sidebar">
<div class="toc">
<h3 id="toc">Contents</h3>
<ul>
<li class="level1"><a href="#details">Detailed Description</a></li>
</ul>
</div>
<div class="sidebar-content" id="sidebar-content"></div></div>
<h1 class="title" translate="no">Item QML Type</h1>
<div class="table"><table class="alignedsummary requisites" translate="no">
<tr><td class="memItemLeft rightAlign topAlign"> Import Statement:</td><td class="memItemRight bottomAlign"> <code translate="no">import QDoc.Test 1.1</code></td></tr>
<tr><td class="memItemLeft rightAlign topAlign"> Since:</td><td class="memItemRight bottomAlign"> Qt 1.1</td></tr>
<tr><td class="memItemLeft rightAlign topAlign"> Inherited By:</td><td class="memItemRight bottomAlign"> <p><a href="qml-qdoc-test-doctest.html" translate="no">DocTest</a> (QDoc.Test), <a href="qml-test-nover-doctest.html" translate="no">DocTest</a> (Test.NoVer), <a href="qml-uicomponents-progressbar.html" translate="no">ProgressBar</a>, <a href="qml-uicomponents-switch.html" translate="no">Switch</a>, and <a href="qml-uicomponents-tabwidget.html" translate="no">TabWidget</a></p>
</td></tr>
</table></div>
<ul>
<li><a href="qml-qdoc-test-item-members.html">List of all members, including inherited members</a></li>
</ul>
<!-- $$$Item-description -->
<h2 id="details">Detailed Description</h2>
<p>Placeholder for the core Item type.</p>
<!-- @@@Item -->
</body>
</html>
