<!DOCTYPE html>
<html lang="en">
<head>
  <meta charset="utf-8">
<!-- b.qdoc -->
  <title>B | Project-B</title>
</head>
<body>
<div class="sidebar"><div class="sidebar-content" id="sidebar-content"></div></div>
<h1 class="title">B</h1>
<!-- $$$b.html-description -->
<div class="descr" id="details">
</div>
<!-- @@@b.html -->
</body>
</html>
