<!DOCTYPE html>
<html lang="en">
<head>
  <meta charset="utf-8">
<!-- anotherpage.qdoc -->
  <title>Another page | Qt</title>
</head>
<body>
<div class="sidebar"><div class="sidebar-content" id="sidebar-content"></div></div>
<h1 class="title">Another page</h1>
<!-- $$$another-page.html-description -->
<div class="descr" id="details">
<p>This test is for a small project that links to macros. Behold: <a href="testpage.html">Test Page</a></p>
</div>
<!-- @@@another-page.html -->
</body>
</html>
