<!DOCTYPE html>
<html lang="en">
<head>
  <meta charset="utf-8">
<!-- testpage.qdoc -->
  <title>Test Page | Qt</title>
</head>
<body>
<div class="sidebar"><div class="sidebar-content" id="sidebar-content"></div></div>
<h1 class="title">Test Page</h1>
<!-- $$$testpage.html-description -->
<div class="descr" id="details">
<p>This is a page for testing purposes.</p>
</div>
<!-- @@@testpage.html -->
</body>
</html>
